{
    "id": "002-9651082-1715432",
    "total": "USD 17.71",
    "date": "2016-10-14",
    "who": "Jenni Snyder",
    "items": {
        "Crucial Conversations Tools for Talking When Stakes Are High, Second Edition":
        "/gp/product/0071771328/ref=ppx_yo_dt_b_asin_title_o00_s00?ie=UTF8&psc=1"
    },
    "postage": "USD 4.98",
    "us_tax": "USD 1.43",
    "refund": null,
    "gift": null,
    "payments": ["American Express ending in 1416: USD 17.71 Payment Grand Total: GBP 15.09"]
}
