{
    "id": "026-5653597-4769168",
    "total": "£87.40",
    "date": "2019-01-20",
    "who": "Philip Mulcahy",
    "items": {
        "Bahco S560 0.25/0.5-inch Square Drive Met Socket Set":
        "/gp/product/B004124YEQ/ref=ppx_yo_dt_b_asin_title_o04_s00?ie=UTF8&psc=1"
    },
    "postage": "£0.00",
    "vat": "£14.57",
    "refund": null,
    "gift": null,
    "payments": ["American Express ending in 2014: 20 January 2019: £87.40"]
}
