{
    "id": "D01-8755888-0539825",
    "total": "£3.47",
    "date": "2019-10-09",
    "who": "Mr Philip Mulcahy",
    "items": {
        "The Secret Commonwealth: The Book of Dust, Volume Two":
        "/gp/product/B07P9TJCL1/ref=ppx_yo_dt_b_d_asin_title_o08?ie=UTF8&psc=1"
    },
    "postage": null,
    "vat": "£0.58",
    "refund": null,
    "gift": null,
    "payments": ["American Express ending in 3012: £3.47"]
}
